src/app/page.tsx(186,200): error TS1003: Identifier expected.
